// Jest Snapshot v1, https://goo.gl/fbAQLP

exports[`FuseList should match the snapshots 1`] = `
<DocumentFragment>
  <dl
    class="fuse-list__Dl-sc-1gw2dho-0 iQYUXI"
  >
    <div
      class="fuse-list__ItemWrapper-sc-1gw2dho-3 jwefMJ"
    >
      <dd
        class="fuse-list__Dd-sc-1gw2dho-1 dEPfZp"
      >
        ABS, ASC
      </dd>
      <dt
        class="fuse-list__Dt-sc-1gw2dho-2 iVbKya"
      >
        <button
          aria-label="Fuse number 12 used by ABS, ASC"
          class="fuse-item__Fuse-sc-ubvqww-0 iQKMCk"
          type="button"
        >
          12
        </button>
        <button
          aria-label="Fuse number 33 used by ABS, ASC"
          class="fuse-item__Fuse-sc-ubvqww-0 iQKMCk"
          type="button"
        >
          33
        </button>
        <button
          aria-label="Fuse number 42 used by ABS, ASC"
          class="fuse-item__Fuse-sc-ubvqww-0 iQKMCk"
          type="button"
        >
          42
        </button>
        <button
          aria-label="Fuse number 53 used by ABS, ASC"
          class="fuse-item__Fuse-sc-ubvqww-0 iQKMCk"
          type="button"
        >
          53
        </button>
        <button
          aria-label="Fuse number 56 used by ABS, ASC"
          class="fuse-item__Fuse-sc-ubvqww-0 iQKMCk"
          type="button"
        >
          56
        </button>
      </dt>
    </div>
    <div
      class="fuse-list__ItemWrapper-sc-1gw2dho-3 jwefMJ"
    >
      <dd
        class="fuse-list__Dd-sc-1gw2dho-1 dEPfZp"
      >
        Adjustment driver seat
      </dd>
      <dt
        class="fuse-list__Dt-sc-1gw2dho-2 iVbKya"
      >
        <button
          aria-label="Fuse number 65 used by Adjustment driver seat"
          class="fuse-item__Fuse-sc-ubvqww-0 iQKMCk"
          type="button"
        >
          65
        </button>
      </dt>
    </div>
    <div
      class="fuse-list__ItemWrapper-sc-1gw2dho-3 jwefMJ"
    >
      <dd
        class="fuse-list__Dd-sc-1gw2dho-1 dEPfZp"
      >
        Adjustment passenger seat
      </dd>
      <dt
        class="fuse-list__Dt-sc-1gw2dho-2 iVbKya"
      >
        <button
          aria-label="Fuse number 70 used by Adjustment passenger seat"
          class="fuse-item__Fuse-sc-ubvqww-0 iQKMCk"
          type="button"
        >
          70
        </button>
      </dt>
    </div>
    <div
      class="fuse-list__ItemWrapper-sc-1gw2dho-3 jwefMJ"
    >
      <dd
        class="fuse-list__Dd-sc-1gw2dho-1 dEPfZp"
      >
        Airbag
      </dd>
      <dt
        class="fuse-list__Dt-sc-1gw2dho-2 iVbKya"
      >
        <button
          aria-label="Fuse number 11 used by Airbag"
          class="fuse-item__Fuse-sc-ubvqww-0 iQKMCk"
          type="button"
        >
          11
        </button>
      </dt>
    </div>
    <div
      class="fuse-list__ItemWrapper-sc-1gw2dho-3 jwefMJ"
    >
      <dd
        class="fuse-list__Dd-sc-1gw2dho-1 dEPfZp"
      >
        Air conditioner
      </dd>
      <dt
        class="fuse-list__Dt-sc-1gw2dho-2 iVbKya"
      >
        <button
          aria-label="Fuse number 28 used by Air conditioner"
          class="fuse-item__Fuse-sc-ubvqww-0 iQKMCk"
          type="button"
        >
          28
        </button>
        <button
          aria-label="Fuse number 62 used by Air conditioner"
          class="fuse-item__Fuse-sc-ubvqww-0 iQKMCk"
          type="button"
        >
          62
        </button>
        <button
          aria-label="Fuse number 63 used by Air conditioner"
          class="fuse-item__Fuse-sc-ubvqww-0 iQKMCk"
          type="button"
        >
          63
        </button>
      </dt>
    </div>
    <div
      class="fuse-list__ItemWrapper-sc-1gw2dho-3 jwefMJ"
    >
      <dd
        class="fuse-list__Dd-sc-1gw2dho-1 dEPfZp"
      >
        Automatic fearbox diesel
      </dd>
      <dt
        class="fuse-list__Dt-sc-1gw2dho-2 iVbKya"
      >
        <button
          aria-label="Fuse number 64 used by Automatic fearbox diesel"
          class="fuse-item__Fuse-sc-ubvqww-0 iQKMCk"
          type="button"
        >
          64
        </button>
      </dt>
    </div>
    <div
      class="fuse-list__ItemWrapper-sc-1gw2dho-3 jwefMJ"
    >
      <dd
        class="fuse-list__Dd-sc-1gw2dho-1 dEPfZp"
      >
        Blower
      </dd>
      <dt
        class="fuse-list__Dt-sc-1gw2dho-2 iVbKya"
      >
        <button
          aria-label="Fuse number 28 used by Blower"
          class="fuse-item__Fuse-sc-ubvqww-0 iQKMCk"
          type="button"
        >
          28
        </button>
        <button
          aria-label="Fuse number 50 used by Blower"
          class="fuse-item__Fuse-sc-ubvqww-0 iQKMCk"
          type="button"
        >
          50
        </button>
      </dt>
    </div>
    <div
      class="fuse-list__ItemWrapper-sc-1gw2dho-3 jwefMJ"
    >
      <dd
        class="fuse-list__Dd-sc-1gw2dho-1 dEPfZp"
      >
        Brake light
      </dd>
      <dt
        class="fuse-list__Dt-sc-1gw2dho-2 iVbKya"
      >
        <button
          aria-label="Fuse number 9 used by Brake light"
          class="fuse-item__Fuse-sc-ubvqww-0 iQKMCk"
          type="button"
        >
          9
        </button>
      </dt>
    </div>
    <div
      class="fuse-list__ItemWrapper-sc-1gw2dho-3 jwefMJ"
    >
      <dd
        class="fuse-list__Dd-sc-1gw2dho-1 dEPfZp"
      >
        Central locking system
      </dd>
      <dt
        class="fuse-list__Dt-sc-1gw2dho-2 iVbKya"
      >
        <button
          aria-label="Fuse number 49 used by Central locking system"
          class="fuse-item__Fuse-sc-ubvqww-0 iQKMCk"
          type="button"
        >
          49
        </button>
        <button
          aria-label="Fuse number 52 used by Central locking system"
          class="fuse-item__Fuse-sc-ubvqww-0 iQKMCk"
          type="button"
        >
          52
        </button>
        <button
          aria-label="Fuse number 60 used by Central locking system"
          class="fuse-item__Fuse-sc-ubvqww-0 iQKMCk"
          type="button"
        >
          60
        </button>
      </dt>
    </div>
    <div
      class="fuse-list__ItemWrapper-sc-1gw2dho-3 jwefMJ"
    >
      <dd
        class="fuse-list__Dd-sc-1gw2dho-1 dEPfZp"
      >
        Central locking system (only touring)
      </dd>
      <dt
        class="fuse-list__Dt-sc-1gw2dho-2 iVbKya"
      >
        <button
          aria-label="Fuse number 49 used by Central locking system (only touring)"
          class="fuse-item__Fuse-sc-ubvqww-0 iQKMCk"
          type="button"
        >
          49
        </button>
        <button
          aria-label="Fuse number 52 used by Central locking system (only touring)"
          class="fuse-item__Fuse-sc-ubvqww-0 iQKMCk"
          type="button"
        >
          52
        </button>
        <button
          aria-label="Fuse number 58 used by Central locking system (only touring)"
          class="fuse-item__Fuse-sc-ubvqww-0 iQKMCk"
          type="button"
        >
          58
        </button>
        <button
          aria-label="Fuse number 60 used by Central locking system (only touring)"
          class="fuse-item__Fuse-sc-ubvqww-0 iQKMCk"
          type="button"
        >
          60
        </button>
      </dt>
    </div>
    <div
      class="fuse-list__ItemWrapper-sc-1gw2dho-3 jwefMJ"
    >
      <dd
        class="fuse-list__Dd-sc-1gw2dho-1 dEPfZp"
      >
        Cigarette lighter
      </dd>
      <dt
        class="fuse-list__Dt-sc-1gw2dho-2 iVbKya"
      >
        <button
          aria-label="Fuse number 47 used by Cigarette lighter"
          class="fuse-item__Fuse-sc-ubvqww-0 iQKMCk"
          type="button"
        >
          47
        </button>
      </dt>
    </div>
  </dl>
</DocumentFragment>
`;
